=== pp done, 43 bound maps ===
wParser warning: argument 'name' missing or incorrect, it will be set to 'MyMean'.
=== mean done, starting mi ===
wParser warning: argument 'name' missing or incorrect, it will be set to 'MyMean'.
wParser warning: argument 'number of imputations' missing or incorrect, it will be set to '50'.
wParser warning: argument 'number of threads' missing or incorrect, it will be set to '1'.
iExecuting MLE for 'MyMean' with 0 vars:  with hyp=[1.000000,0.000000,0.000000,0.000000,0.000000] and filter ''
aStarting MLE...
incl 21
0 
1 
2 
3 
4 
5 
6 
7 
8 
9 
10 
11 
12 
13 
14 
15 
16 
17 
18 
19 
20 
Using 1 threads
ncoef: 1
aEstimating coefficients...
nLoo: 2
%2% Estimated remaining time(s): 392 (ETA 2026-09-13 21:43:05)
%4% Estimated remaining time(s): 384 (ETA 2026-09-13 21:43:05)
%7% Estimated remaining time(s): 305 (ETA 2026-09-13 21:41:53)
%9% Estimated remaining time(s): 303 (ETA 2026-09-13 21:41:58)
%11% Estimated remaining time(s): 299 (ETA 2026-09-13 21:42:01)
%14% Estimated remaining time(s): 270 (ETA 2026-09-13 21:41:39)
%16% Estimated remaining time(s): 267 (ETA 2026-09-13 21:41:43)
%19% Estimated remaining time(s): 247 (ETA 2026-09-13 21:41:30)
%21% Estimated remaining time(s): 248 (ETA 2026-09-13 21:41:39)
%23% Estimated remaining time(s): 244 (ETA 2026-09-13 21:41:42)
%26% Estimated remaining time(s): 227 (ETA 2026-09-13 21:41:32)
%28% Estimated remaining time(s): 226 (ETA 2026-09-13 21:41:39)
%30% Estimated remaining time(s): 221 (ETA 2026-09-13 21:41:41)
%33% Estimated remaining time(s): 207 (ETA 2026-09-13 21:41:34)
%35% Estimated remaining time(s): 202 (ETA 2026-09-13 21:41:36)
%38% Estimated remaining time(s): 189 (ETA 2026-09-13 21:41:30)
%40% Estimated remaining time(s): 184 (ETA 2026-09-13 21:41:32)
%42% Estimated remaining time(s): 180 (ETA 2026-09-13 21:41:36)
%45% Estimated remaining time(s): 168 (ETA 2026-09-13 21:41:31)
%47% Estimated remaining time(s): 163 (ETA 2026-09-13 21:41:33)
%50% Estimated remaining time(s): 152 (ETA 2026-09-13 21:41:29)
%52% Estimated remaining time(s): 146 (ETA 2026-09-13 21:41:30)
%54% Estimated remaining time(s): 141 (ETA 2026-09-13 21:41:32)
%57% Estimated remaining time(s): 130 (ETA 2026-09-13 21:41:28)
%59% Estimated remaining time(s): 125 (ETA 2026-09-13 21:41:30)
%61% Estimated remaining time(s): 119 (ETA 2026-09-13 21:41:31)
%64% Estimated remaining time(s): 108 (ETA 2026-09-13 21:41:26)
%66% Estimated remaining time(s): 103 (ETA 2026-09-13 21:41:28)
%69% Estimated remaining time(s): 93 (ETA 2026-09-13 21:41:25)
%71% Estimated remaining time(s): 87 (ETA 2026-09-13 21:41:25)
%73% Estimated remaining time(s): 81 (ETA 2026-09-13 21:41:26)
%76% Estimated remaining time(s): 71 (ETA 2026-09-13 21:41:23)
%78% Estimated remaining time(s): 66 (ETA 2026-09-13 21:41:25)
%80% Estimated remaining time(s): 60 (ETA 2026-09-13 21:41:25)
%83% Estimated remaining time(s): 50 (ETA 2026-09-13 21:41:22)
%85% Estimated remaining time(s): 44 (ETA 2026-09-13 21:41:23)
%88% Estimated remaining time(s): 35 (ETA 2026-09-13 21:41:21)
%90% Estimated remaining time(s): 29 (ETA 2026-09-13 21:41:21)
%92% Estimated remaining time(s): 23 (ETA 2026-09-13 21:41:22)
%95% Estimated remaining time(s): 14 (ETA 2026-09-13 21:41:20)
%97% Estimated remaining time(s): 8 (ETA 2026-09-13 21:41:21)
oEstimating coefficients...
aEstimating tau2...
%1% Estimated remaining time(s): 0 (ETA 2026-09-13 21:41:20)
%2% Estimated remaining time(s): 0 (ETA 2026-09-13 21:41:20)
%3% Estimated remaining time(s): 0 (ETA 2026-09-13 21:41:20)
%4% Estimated remaining time(s): 0 (ETA 2026-09-13 21:41:20)
%5% Estimated remaining time(s): 0 (ETA 2026-09-13 21:41:20)
%6% Estimated remaining time(s): 0 (ETA 2026-09-13 21:41:20)
%7% Estimated remaining time(s): 0 (ETA 2026-09-13 21:41:20)
%8% Estimated remaining time(s): 0 (ETA 2026-09-13 21:41:20)
%10% Estimated remaining time(s): 0 (ETA 2026-09-13 21:41:20)
%11% Estimated remaining time(s): 0 (ETA 2026-09-13 21:41:20)
%12% Estimated remaining time(s): 7 (ETA 2026-09-13 21:41:28)
%13% Estimated remaining time(s): 6 (ETA 2026-09-13 21:41:27)
%14% Estimated remaining time(s): 6 (ETA 2026-09-13 21:41:27)
%15% Estimated remaining time(s): 5 (ETA 2026-09-13 21:41:26)
%16% Estimated remaining time(s): 10 (ETA 2026-09-13 21:41:32)
%17% Estimated remaining time(s): 9 (ETA 2026-09-13 21:41:31)
%18% Estimated remaining time(s): 9 (ETA 2026-09-13 21:41:31)
%20% Estimated remaining time(s): 8 (ETA 2026-09-13 21:41:30)
%21% Estimated remaining time(s): 11 (ETA 2026-09-13 21:41:34)
%22% Estimated remaining time(s): 10 (ETA 2026-09-13 21:41:33)
%23% Estimated remaining time(s): 10 (ETA 2026-09-13 21:41:33)
%24% Estimated remaining time(s): 12 (ETA 2026-09-13 21:41:36)
%25% Estimated remaining time(s): 12 (ETA 2026-09-13 21:41:36)
%26% Estimated remaining time(s): 11 (ETA 2026-09-13 21:41:35)
%27% Estimated remaining time(s): 13 (ETA 2026-09-13 21:41:38)
%28% Estimated remaining time(s): 12 (ETA 2026-09-13 21:41:37)
%30% Estimated remaining time(s): 14 (ETA 2026-09-13 21:41:40)
%31% Estimated remaining time(s): 13 (ETA 2026-09-13 21:41:39)
%32% Estimated remaining time(s): 14 (ETA 2026-09-13 21:41:41)
%33% Estimated remaining time(s): 14 (ETA 2026-09-13 21:41:41)
%34% Estimated remaining time(s): 15 (ETA 2026-09-13 21:41:43)
%35% Estimated remaining time(s): 14 (ETA 2026-09-13 21:41:42)
%36% Estimated remaining time(s): 16 (ETA 2026-09-13 21:41:45)
%37% Estimated remaining time(s): 15 (ETA 2026-09-13 21:41:44)
%38% Estimated remaining time(s): 16 (ETA 2026-09-13 21:41:46)
%40% Estimated remaining time(s): 15 (ETA 2026-09-13 21:41:45)
%41% Estimated remaining time(s): 15 (ETA 2026-09-13 21:41:46)
%42% Estimated remaining time(s): 15 (ETA 2026-09-13 21:41:46)
%43% Estimated remaining time(s): 15 (ETA 2026-09-13 21:41:47)
%44% Estimated remaining time(s): 15 (ETA 2026-09-13 21:41:47)
%45% Estimated remaining time(s): 15 (ETA 2026-09-13 21:41:48)
%46% Estimated remaining time(s): 15 (ETA 2026-09-13 21:41:48)
%47% Estimated remaining time(s): 15 (ETA 2026-09-13 21:41:49)
%48% Estimated remaining time(s): 15 (ETA 2026-09-13 21:41:49)
%50% Estimated remaining time(s): 15 (ETA 2026-09-13 21:41:50)
%51% Estimated remaining time(s): 14 (ETA 2026-09-13 21:41:49)
%52% Estimated remaining time(s): 13 (ETA 2026-09-13 21:41:48)
%53% Estimated remaining time(s): 14 (ETA 2026-09-13 21:41:50)
%54% Estimated remaining time(s): 13 (ETA 2026-09-13 21:41:49)
%55% Estimated remaining time(s): 13 (ETA 2026-09-13 21:41:49)
%56% Estimated remaining time(s): 13 (ETA 2026-09-13 21:41:50)
%57% Estimated remaining time(s): 12 (ETA 2026-09-13 21:41:49)
%58% Estimated remaining time(s): 13 (ETA 2026-09-13 21:41:51)
%60% Estimated remaining time(s): 12 (ETA 2026-09-13 21:41:50)
%61% Estimated remaining time(s): 11 (ETA 2026-09-13 21:41:49)
%62% Estimated remaining time(s): 11 (ETA 2026-09-13 21:41:50)
%63% Estimated remaining time(s): 11 (ETA 2026-09-13 21:41:50)
%64% Estimated remaining time(s): 10 (ETA 2026-09-13 21:41:49)
%65% Estimated remaining time(s): 10 (ETA 2026-09-13 21:41:50)
%66% Estimated remaining time(s): 10 (ETA 2026-09-13 21:41:50)
%67% Estimated remaining time(s): 10 (ETA 2026-09-13 21:41:51)
%68% Estimated remaining time(s): 9 (ETA 2026-09-13 21:41:50)
%70% Estimated remaining time(s): 9 (ETA 2026-09-13 21:41:50)
%71% Estimated remaining time(s): 8 (ETA 2026-09-13 21:41:50)
%72% Estimated remaining time(s): 8 (ETA 2026-09-13 21:41:50)
%73% Estimated remaining time(s): 8 (ETA 2026-09-13 21:41:50)
%74% Estimated remaining time(s): 8 (ETA 2026-09-13 21:41:51)
%75% Estimated remaining time(s): 7 (ETA 2026-09-13 21:41:50)
%76% Estimated remaining time(s): 7 (ETA 2026-09-13 21:41:50)
%77% Estimated remaining time(s): 7 (ETA 2026-09-13 21:41:51)
%78% Estimated remaining time(s): 6 (ETA 2026-09-13 21:41:50)
%80% Estimated remaining time(s): 6 (ETA 2026-09-13 21:41:50)
%81% Estimated remaining time(s): 5 (ETA 2026-09-13 21:41:49)
%82% Estimated remaining time(s): 5 (ETA 2026-09-13 21:41:49)
%83% Estimated remaining time(s): 4 (ETA 2026-09-13 21:41:48)
%84% Estimated remaining time(s): 4 (ETA 2026-09-13 21:41:49)
%85% Estimated remaining time(s): 4 (ETA 2026-09-13 21:41:49)
%86% Estimated remaining time(s): 4 (ETA 2026-09-13 21:41:49)
%87% Estimated remaining time(s): 3 (ETA 2026-09-13 21:41:48)
%88% Estimated remaining time(s): 3 (ETA 2026-09-13 21:41:48)
%90% Estimated remaining time(s): 2 (ETA 2026-09-13 21:41:47)
%91% Estimated remaining time(s): 2 (ETA 2026-09-13 21:41:47)
%92% Estimated remaining time(s): 2 (ETA 2026-09-13 21:41:47)
%93% Estimated remaining time(s): 1 (ETA 2026-09-13 21:41:46)
%94% Estimated remaining time(s): 1 (ETA 2026-09-13 21:41:46)
%95% Estimated remaining time(s): 1 (ETA 2026-09-13 21:41:46)
%96% Estimated remaining time(s): 1 (ETA 2026-09-13 21:41:46)
%97% Estimated remaining time(s): 0 (ETA 2026-09-13 21:41:46)
%98% Estimated remaining time(s): 0 (ETA 2026-09-13 21:41:46)
%100% Estimated remaining time(s): 0 (ETA 2026-09-13 21:41:46)
%101% Estimated remaining time(s): -1 (ETA 2026-09-13 21:41:45)
oEstimating tau2...
dMLE
iExecuting MI for s_name MyMean with 50 imputs and filter ''
aStarting MI... with nImputs 50
%1% Estimated remaining time(s): 297 (ETA 2026-09-13 21:46:51)
%2% Estimated remaining time(s): 147 (ETA 2026-09-13 21:44:21)
%3% Estimated remaining time(s): 905 (ETA 2026-09-13 21:57:24)
%4% Estimated remaining time(s): 2568 (ETA 2026-09-13 22:26:26)
%5% Estimated remaining time(s): 2261 (ETA 2026-09-13 22:21:31)
%6% Estimated remaining time(s): 1864 (ETA 2026-09-13 22:14:54)
%7% Estimated remaining time(s): 1581 (ETA 2026-09-13 22:10:11)
%8% Estimated remaining time(s): 1805 (ETA 2026-09-13 22:14:33)
%9% Estimated remaining time(s): 2194 (ETA 2026-09-13 22:22:02)
%10% Estimated remaining time(s): 1980 (ETA 2026-09-13 22:18:31)
%11% Estimated remaining time(s): 1780 (ETA 2026-09-13 22:15:11)
%12% Estimated remaining time(s): 1613 (ETA 2026-09-13 22:12:24)
%13% Estimated remaining time(s): 1860 (ETA 2026-09-13 22:17:29)
%14% Estimated remaining time(s): 1984 (ETA 2026-09-13 22:20:18)
%15% Estimated remaining time(s): 1830 (ETA 2026-09-13 22:17:44)
%16% Estimated remaining time(s): 1695 (ETA 2026-09-13 22:15:29)
%17% Estimated remaining time(s): 1601 (ETA 2026-09-13 22:14:00)
%18% Estimated remaining time(s): 1808 (ETA 2026-09-13 22:18:36)
%19% Estimated remaining time(s): 1811 (ETA 2026-09-13 22:19:07)
%20% Estimated remaining time(s): 1700 (ETA 2026-09-13 22:17:16)
%21% Estimated remaining time(s): 1598 (ETA 2026-09-13 22:15:34)
%22% Estimated remaining time(s): 1563 (ETA 2026-09-13 22:15:15)
%23% Estimated remaining time(s): 1720 (ETA 2026-09-13 22:19:05)
%24% Estimated remaining time(s): 1675 (ETA 2026-09-13 22:18:35)
%25% Estimated remaining time(s): 1587 (ETA 2026-09-13 22:17:07)
%26% Estimated remaining time(s): 1505 (ETA 2026-09-13 22:15:45)
%27% Estimated remaining time(s): 1522 (ETA 2026-09-13 22:16:36)
%28% Estimated remaining time(s): 1607 (ETA 2026-09-13 22:19:03)
%29% Estimated remaining time(s): 1542 (ETA 2026-09-13 22:18:03)
%30% Estimated remaining time(s): 1470 (ETA 2026-09-13 22:16:51)
%31% Estimated remaining time(s): 1402 (ETA 2026-09-13 22:15:43)
%32% Estimated remaining time(s): 1451 (ETA 2026-09-13 22:17:25)
%33% Estimated remaining time(s): 1486 (ETA 2026-09-13 22:18:49)
%34% Estimated remaining time(s): 1420 (ETA 2026-09-13 22:17:43)
%35% Estimated remaining time(s): 1359 (ETA 2026-09-13 22:16:42)
%36% Estimated remaining time(s): 1304 (ETA 2026-09-13 22:15:49)
%37% Estimated remaining time(s): 1363 (ETA 2026-09-13 22:17:55)
%38% Estimated remaining time(s): 1360 (ETA 2026-09-13 22:18:25)
%39% Estimated remaining time(s): 1304 (ETA 2026-09-13 22:17:29)
%40% Estimated remaining time(s): 1251 (ETA 2026-09-13 22:16:36)
%41% Estimated remaining time(s): 1217 (ETA 2026-09-13 22:16:14)
%42% Estimated remaining time(s): 1267 (ETA 2026-09-13 22:18:16)
%43% Estimated remaining time(s): 1240 (ETA 2026-09-13 22:18:07)
%44% Estimated remaining time(s): 1191 (ETA 2026-09-13 22:17:18)
%45% Estimated remaining time(s): 1144 (ETA 2026-09-13 22:16:31)
%46% Estimated remaining time(s): 1134 (ETA 2026-09-13 22:16:51)
%47% Estimated remaining time(s): 1162 (ETA 2026-09-13 22:18:24)
%48% Estimated remaining time(s): 1123 (ETA 2026-09-13 22:17:51)
%49% Estimated remaining time(s): 1079 (ETA 2026-09-13 22:17:07)
%50% Estimated remaining time(s): 1037 (ETA 2026-09-13 22:16:25)
%51% Estimated remaining time(s): 1046 (ETA 2026-09-13 22:17:26)
%52% Estimated remaining time(s): 1055 (ETA 2026-09-13 22:18:29)
%53% Estimated remaining time(s): 1013 (ETA 2026-09-13 22:17:47)
%54% Estimated remaining time(s): 973 (ETA 2026-09-13 22:17:07)
%55% Estimated remaining time(s): 936 (ETA 2026-09-13 22:16:31)
%56% Estimated remaining time(s): 951 (ETA 2026-09-13 22:17:53)
%57% Estimated remaining time(s): 938 (ETA 2026-09-13 22:18:13)
%58% Estimated remaining time(s): 900 (ETA 2026-09-13 22:17:35)
%59% Estimated remaining time(s): 864 (ETA 2026-09-13 22:16:59)
%60% Estimated remaining time(s): 836 (ETA 2026-09-13 22:16:41)
%61% Estimated remaining time(s): 846 (ETA 2026-09-13 22:18:01)
%62% Estimated remaining time(s): 823 (ETA 2026-09-13 22:17:58)
%63% Estimated remaining time(s): 789 (ETA 2026-09-13 22:17:24)
%64% Estimated remaining time(s): 756 (ETA 2026-09-13 22:16:51)
%65% Estimated remaining time(s): 737 (ETA 2026-09-13 22:16:58)
%66% Estimated remaining time(s): 740 (ETA 2026-09-13 22:18:09)
%67% Estimated remaining time(s): 712 (ETA 2026-09-13 22:17:49)
%68% Estimated remaining time(s): 680 (ETA 2026-09-13 22:17:17)
%69% Estimated remaining time(s): 649 (ETA 2026-09-13 22:16:46)
%70% Estimated remaining time(s): 639 (ETA 2026-09-13 22:17:23)
%71% Estimated remaining time(s): 631 (ETA 2026-09-13 22:18:08)
%72% Estimated remaining time(s): 601 (ETA 2026-09-13 22:17:39)
%73% Estimated remaining time(s): 572 (ETA 2026-09-13 22:17:10)
%74% Estimated remaining time(s): 543 (ETA 2026-09-13 22:16:42)
%75% Estimated remaining time(s): 537 (ETA 2026-09-13 22:17:39)
%76% Estimated remaining time(s): 520 (ETA 2026-09-13 22:18:00)
%77% Estimated remaining time(s): 492 (ETA 2026-09-13 22:17:32)
%78% Estimated remaining time(s): 465 (ETA 2026-09-13 22:17:05)
%79% Estimated remaining time(s): 440 (ETA 2026-09-13 22:16:48)
%80% Estimated remaining time(s): 432 (ETA 2026-09-13 22:17:53)
Terminated
